C:\Users\mocapstaff\Desktop\PCAPPipeline>git status
On branch main
Your branch is up to date with 'origin/main'.

Unmerged paths:
  (use "git restore --staged <file>..." to unstage)
  (use "git add <file>..." to mark resolution)
        both modified:   PCAPPipeline.uproject

Untracked files:
  (use "git add <file>..." to include in what will be committed)
        .vsconfig
        Config/
        Content/

no changes added to commit (use "git add" and/or "git commit -a")

C:\Users\mocapstaff\Desktop\PCAPPipeline>git checkout -- PCAPPipeline.uproject
error: path 'PCAPPipeline.uproject' is unmerged

C:\Users\mocapstaff\Desktop\PCAPPipeline>git restore --staged PCAPPipeline.uproject

C:\Users\mocapstaff\Desktop\PCAPPipeline>git restore PCAPPipeline.uproject

C:\Users\mocapstaff\Desktop\PCAPPipeline>git status
On branch main
Your branch is up to date with 'origin/main'.

Untracked files:
  (use "git add <file>..." to include in what will be committed)
        .vsconfig
        Config/
        Content/

nothing added to commit but untracked files present (use "git add" to track)

C:\Users\mocapstaff\Desktop\PCAPPipeline>
