
C:\Users\mocapstaff\Desktop\PCAPPipeline>git status
On branch main
Your branch is behind 'origin/main' by 2 commits, and can be fast-forwarded.
  (use "git pull" to update your local branch)

Changes not staged for commit:
  (use "git add <file>..." to update what will be committed)
  (use "git restore <file>..." to discard changes in working directory)
        modified:   PCAPPipeline.uproject

Untracked files:
  (use "git add <file>..." to include in what will be committed)
        .vsconfig
        Config/
        Content/

no changes added to commit (use "git add" and/or "git commit -a")

C:\Users\mocapstaff\Desktop\PCAPPipeline>git stash
warning: in the working copy of 'PCAPPipeline.uproject', CRLF will be replaced by LF the next time Git touches it
Saved working directory and index state WIP on main: df0ce36 fix: replace IK soft pointers with FString paths to unblock build

C:\Users\mocapstaff\Desktop\PCAPPipeline>git pull origin main
fatal: unable to get credential storage lock in 1000 ms: Permission denied
From https://github.com/mgarman555/PCAPPipeline
 * branch            main       -> FETCH_HEAD
Updating df0ce36..44c5dae
Fast-forward
 CurrentErrorCodes                                  |  61 +++------
 PCAPPipeline.uproject                              |   6 +
 Plugins/PCAPTool/PCAPTool.uplugin                  |   8 ++
 Plugins/PCAPTool/Source/PCAPTool/PCAPTool.Build.cs |   7 +
 .../PCAPTool/Private/HMCMonitorComponent.cpp       | 149 +++++++++++++++++++++
 .../Source/PCAPTool/Public/HMCMonitorComponent.h   |  53 ++++++++
 .../Source/PCAPTool/Public/PCAPToolTypes.h         |  45 ++++++-
 7 files changed, 279 insertions(+), 50 deletions(-)
 create mode 100644 Plugins/PCAPTool/Source/PCAPTool/Private/HMCMonitorComponent.cpp
 create mode 100644 Plugins/PCAPTool/Source/PCAPTool/Public/HMCMonitorComponent.h

C:\Users\mocapstaff\Desktop\PCAPPipeline>git stash pop
Auto-merging PCAPPipeline.uproject
CONFLICT (content): Merge conflict in PCAPPipeline.uproject
On branch main
Your branch is up to date with 'origin/main'.

Unmerged paths:
  (use "git restore --staged <file>..." to unstage)
  (use "git add <file>..." to mark resolution)
        both modified:   PCAPPipeline.uproject

Untracked files:
  (use "git add <file>..." to include in what will be committed)
        .vsconfig
        Config/
        Content/

no changes added to commit (use "git add" and/or "git commit -a")
The stash entry is kept in case you need it again.

C:\Users\mocapstaff\Desktop\PCAPPipeline>
